// Vitest Snapshot v1, https://vitest.dev/guide/snapshot.html

exports[`prompts golden — 2.1.169 > matches the pinned structural digest 1`] = `
{
  "duplicateIds": [
    "system-prompt-claude-in-chrome-browser-automation",
    "system-prompt-description-part-of-memory-instructions",
    "system-prompt-memory-description-of-user-details",
    "system-reminder-cross-session-peer-message-authority-warning",
  ],
  "idListSha256": "b2f77e05a82823c731219b554c2df7b079aaa8f4c0988f404004d9fb7316e92c",
  "identifierValues": [
    "ADDITIONAL_COMMIT_GUIDANCE",
    "ADDITIONAL_CONTEXT",
    "ADDITIONAL_CONTEXT_BLOCK",
    "ADDITIONAL_DREAM_GUIDANCE_FN",
    "ADDITIONAL_EDIT_GUIDELINES_NOTE",
    "ADDITIONAL_INFO_BLOCK",
    "ADDITIONAL_INFO_FN",
    "ADDITIONAL_INSTRUCTIONS_NOTE",
    "ADDITIONAL_PARSING_NOTES_FN",
    "ADDITIONAL_PLAN_WORKFLOW_INSTRUCTIONS",
    "ADDITIONAL_READ_NOTE",
    "ADDITIONAL_USAGE_NOTES",
    "AGENT_PROMPT_CLAUDE_CODE_GUIDE_VAR_0",
    "AGENT_SDK_DOCS_MAP_URL",
    "AGENT_TOOL_NAME",
    "AGGREGATED_USAGE_DATA",
    "ALLOWED_TOOLS",
    "ANGLES_LINE_BY_LINE",
    "ANGLE_ALTITUDE",
    "ANGLE_EFFICIENCY",
    "ANGLE_REUSE",
    "ANGLE_SIMPLIFICATION",
    "ASK_USER_QUESTION_TOOL_NAME",
    "ATTACHMENT_OBJECT",
    "AT_A_GLANCE",
    "AT_A_GLANCE_SUMMARY",
    "BASH_TOOL_NAME",
    "BIG_WINS",
    "CANCEL_TIMEFRAME_DAYS",
    "CAN_FORK_CONTEXT",
    "CAN_READ_PDF_FILES_FN",
    "CAT_DASH_N_NOTE",
    "CHECK_FEATURE_FLAG_FN",
    "CLAUDE_CODE_DOCS_MAP_URL",
    "CLAUDE_CODE_GUIDE_SUBAGENT_NAME",
    "CLAUDE_JOB_DIR",
    "CLAUDE_MD_RECONCILIATION_BLOCK",
    "CLEANUP_ANGLES",
    "CLEANUP_CANDIDATES_NOTE",
    "CLEANUP_PRECEDENCE",
    "COMMAND_NOTES",
    "COMMIT_CO_AUTHORED_BY_CLAUDE_CODE",
    "CONDITIONAL_LENGTH_NOTE",
    "CONDITIONAL_NOTE",
    "CONDITIONAL_TASK_NOTES",
    "CONDITIONAL_WHAT_HAPPENS_NOTE_FN",
    "CONDTIONAL_TEAMMATES_NOTE",
    "CONFIRMATION_MESSAGE",
    "CONSTRUCTING_HOOK_PROMPT",
    "CONTEXT_RESTRICTION_NOTE",
    "CORRECTNESS_ANGLES",
    "CRON_CONVERSION_RULES",
    "CRON_CREATE_TOOL_NAME",
    "CRON_DELETE_TOOL_NAME",
    "CRON_DURABILITY_SECTION",
    "CRON_DURABLE_RUNTIME_NOTE",
    "CURRENT_MONTH_YEAR",
    "CUSTOM_GIT_NOTES",
    "CUSTOM_USAGE_NOTE",
    "DAEMON_DEBUG_CONTEXT",
    "DEBUG_LOGGING_WAS_ALREADY_ACTIVE",
    "DEBUG_LOG_PATH",
    "DEBUG_LOG_SUMMARY",
    "DEFAULT_AGENT_DESCRIPTION",
    "DEFAULT_BRANCH",
    "DEFAULT_GIT_REPO_URL",
    "DEFAULT_INTERVAL",
    "DEFAULT_TIMEOUT_MS_FN",
    "DESCRIPTION_FORMAT_NOTE",
    "DIAGNOSTICS_LIST",
    "DIAGNOSTICS_SUMMARY",
    "DYNAMIC_MODE_INSTRUCTIONS",
    "DYNAMIC_MODE_SENTINEL",
    "EDIT_TOOL",
    "EDIT_TOOL_NAME",
    "EFFORT_LEVEL",
    "EMPTY_STRING",
    "ENABLE_TASKS_FEATURE",
    "ENTER_PLAN_MODE_TOOL_NAME",
    "ENVIRONMENTS_LIST",
    "ENVIRONMENT_CONFIG",
    "EXIT_PLAN_MODE_TOOL",
    "EXIT_PLAN_MODE_TOOL_NAME",
    "EXIT_PLAN_MODE_TOOL_OBJECT",
    "EXPLORE_SUBAGENT",
    "EXTRA_USAGE_NOTES",
    "FACETS_DIRECTORY",
    "FEATURES_TO_TRY",
    "FILE_OBJECT",
    "FORMATTED_SKILLS_LIST",
    "FRICTION_CATEGORIES",
    "GET_CWD_FN",
    "GET_DEFAULT_TIMEOUT_MS",
    "GET_MAX_TIMEOUT_MS",
    "GET_NEW_FILE_NOTE_FN",
    "GET_PHASE_FIVE_FN",
    "GET_SETTINGS_FILE_PATH_FN",
    "GET_TODO_TOOL_FN",
    "GLOB_TOOL_NAME",
    "GREP_TOOL_NAME",
    "HAS_GITHUB_REPO",
    "HAS_PRO_RESTRICTION_NOTE",
    "HAS_PR_ATTRIBUTION_TEXT_FN",
    "HAS_SUBAGENT_TYPE",
    "HAS_SUBAGENT_TYPES",
    "HAS_TEAM_MEMORY_NOTE",
    "HAS_TRANSCRIPT_SOURCE_NOTE",
    "HIGH_EFFORT_ANGLES_INTRO",
    "HOOKS_CONFIGURATION_PROMPT",
    "HOOK_NAME",
    "HTML_FILE_PATH",
    "ICONS_OBJECT",
    "IMMEDIATE_RUN_REFERENCE",
    "INDEX_FILE",
    "INDEX_MAX_LINES",
    "INLINE_TASK_INSTRUCTIONS",
    "INSIGHTS_DATA",
    "INSIGHTS_INSTRUCTIONS",
    "INTERVAL",
    "INTRODUCTORY_LINE",
    "ISSUE_DESCRIPTION",
    "IS_BASH_ENV_FN",
    "IS_GITHUB_REMINDER_ENABLED",
    "IS_MONITOR_TOOL_ENABLED_FN",
    "IS_SUBAGENT_CONTEXT_FN",
    "IS_TEAMMATE_CONTEXT_FN",
    "IS_TRUSTED_DOMAIN",
    "IS_TRUTHY_FN",
    "JSON",
    "LINE_NUMBER_PREFIX_FORMAT",
    "LISTAGENTS_TOOL_NAME",
    "LOG_LINE_COUNT",
    "MAX_30_UNITS",
    "MAX_FINDINGS",
    "MAX_LINES_CONSTANT",
    "MAX_OUTPUT_CHARS_FN",
    "MAX_TIMEOUT_MS_FN",
    "MCP_CONNECTORS_LIST",
    "MEMORY_CONTENT",
    "MEMORY_DIR",
    "MEMORY_DIR_CONTEXT",
    "MEMORY_ITEM",
    "MEMORY_LINKING_INSTRUCTIONS",
    "MEMORY_LOCATION_CONTEXT",
    "MEMORY_TYPE_DESCRIPTION",
    "MIN_5_UNITS",
    "MONITOR_TOOL_NAME",
    "MUST_READ_FIRST_FN",
    "NEW_ENVIRONMENT_OBJECT",
    "NOW_LOCAL_TIME",
    "NOW_UTC_ISO",
    "ONE_OFF_ENABLED_FN",
    "ON_THE_HORIZON",
    "OUTPUT_FORMAT_FN",
    "OUTPUT_STYLE_CONFIG",
    "OUTPUT_STYLE_TURN_REMINDER",
    "PARALLEL_AGENTS_NOTE",
    "PARENT_CWD",
    "PATH_MODULE",
    "PHASE_0_GATHER_DIFF",
    "PHASE_2_VERIFY_3_STATE",
    "PHASE_2_VERIFY_RECALL_BIASED",
    "PHASE_3_SWEEP",
    "PHASE_FOUR_INSTRUCTIONS",
    "PLAN_FILE_INFO_BLOCK",
    "PLAN_SUBAGENT",
    "PLAN_V2_EXPLORE_AGENT_COUNT",
    "PLAN_V2_PLAN_AGENT_COUNT",
    "POST_GATHER_FN",
    "POWERSHELL_TOOL_NAME",
    "PREAMBLE",
    "PREAMBLE_BLOCK",
    "PREVIOUS_AGENT_SUMMARY",
    "PROJECT_AREAS",
    "PROMPT_DESCRIPTION",
    "PROMPT_VAR_0",
    "PROMPT_VAR_1",
    "PROMPT_VAR_2",
    "PROMPT_VAR_3",
    "PROMPT_VAR_4",
    "PROMPT_VAR_5",
    "PR_ATTRIBUTION_TEXT",
    "PR_BODY_EXTRA_SECTIONS",
    "PR_COMMON_OPERATIONS_NOTE",
    "PR_CREATE_OPTIONS_NOTE",
    "PR_EDIT_OPTIONS_NOTE",
    "PR_GENERATED_WITH_CLAUDE_CODE",
    "PR_INSTRUCTIONS_PREFIX",
    "PR_NUMBER_ARG",
    "READ_FULL_FILE_NOTE",
    "READ_ONLY_SEARCHING_BASH_COMMANDS",
    "READ_TOOL_NAME",
    "READ_TOOL_OBJECT",
    "REMOTE_TRIGGER_TOOL_NAME",
    "RENDER_COMMAND_NOTES_FN",
    "REPORT_URL",
    "RESULT_OBJECT",
    "RUN_IN_BACKGROUND_NOTE",
    "SAFE_USER_VALUE",
    "SCHEDULED_PROMPT",
    "SCHEDULE_FIXED_INTERVAL_FN",
    "SCHEDULE_WAKEUP_TOOL_NAME",
    "SCRATCHPAD_DIR_FN",
    "SEARCHING_PAST_CONTEXT_INSTRUCTIONS",
    "SEARCH_TOOL_NAMES",
    "SECURITY_NOTE",
    "SENDMESSAGE_TOOL_NAME",
    "SEND_MESSAGE_TOOL_NAME",
    "SETTINGS_FILE_LOCATION_PROMPT",
    "SHARE_ONBOARDING_GUIDE_TOOL_NAME",
    "SHELL_TOOL_NAME",
    "SHOULD_PERSIST_APPROVAL_CONTEXT_FN",
    "SIDE_QUESTION",
    "SKILL_STUCK_DAEMON_SECTION_VAR_0",
    "SKILL_STUCK_DAEMON_SECTION_VAR_1",
    "SKILL_STUCK_DAEMON_SECTION_VAR_2",
    "SKILL_STUCK_DAEMON_SECTION_VAR_3",
    "SKILL_STUCK_DAEMON_SECTION_VAR_4",
    "SKILL_STUCK_DAEMON_SECTION_VAR_5",
    "SKILL_TAG_NAME",
    "SKILL_TOOL_NAME",
    "STRUCTURED_OUTPUT_TOOL_NAME",
    "SUBAGENT_TYPE_DEFINITIONS",
    "SWEEP_GAP_FOCUS",
    "SYSTEM_PROMPT_AUTONOMOUS_LOOP_TICK_DYNAMIC_VAR_0",
    "SYSTEM_PROMPT_AUTONOMOUS_LOOP_TICK_DYNAMIC_VAR_1",
    "SYSTEM_PROMPT_AUTONOMOUS_LOOP_TICK_DYNAMIC_VAR_2",
    "SYSTEM_PROMPT_AUTONOMOUS_LOOP_TICK_DYNAMIC_VAR_3",
    "SYSTEM_PROMPT_COMMUNICATING_WITH_THE_USER_VAR_0",
    "SYSTEM_PROMPT_INTERACTIVE_INTRO_CONDITIONAL_VAR_0",
    "SYSTEM_PROMPT_INTERACTIVE_INTRO_CONDITIONAL_VAR_1",
    "SYSTEM_PROMPT_LANGUAGE_LOCALIZATION_VAR_0",
    "SYSTEM_PROMPT_PLAN_MODE_WHAT_HAPPENS_VAR_0",
    "SYSTEM_PROMPT_PLAN_MODE_WHAT_HAPPENS_VAR_1",
    "SYSTEM_PROMPT_PLAN_MODE_WHAT_HAPPENS_VAR_2",
    "SYSTEM_PROMPT_PLAN_MODE_WHAT_HAPPENS_VAR_3",
    "SYSTEM_PROMPT_PLAN_MODE_WHAT_HAPPENS_VAR_4",
    "SYSTEM_PROMPT_PLAN_MODE_WHAT_HAPPENS_VAR_5",
    "SYSTEM_PROMPT_PLAN_MODE_WHAT_HAPPENS_VAR_6",
    "SYSTEM_REMINDER",
    "SYSTEM_REMINDER_CROSS_SESSION_PEER_MESSAGE_AUTHORITY_WARNING_VAR_0",
    "SYSTEM_REMINDER_CROSS_SESSION_PEER_MESSAGE_AUTHORITY_WARNING_VAR_1",
    "SYSTEM_REMINDER_CROSS_SESSION_PEER_MESSAGE_AUTHORITY_WARNING_VAR_2",
    "SYSTEM_REMINDER_TEAM_PLAN_SUBMITTED_VAR_0",
    "SYSTEM_REMINDER_TEAM_PLAN_SUBMITTED_VAR_1",
    "SYSTEM_TAG_NAME",
    "TASKCREATE_TOOL_NAME",
    "TASKSTOP_TOOL_NAME",
    "TASK_CREATE_TOOL_NAME",
    "TASK_LIST_TOOL_NAME",
    "TASK_RUN_LABEL",
    "TASK_STOP_TOOL_NAME",
    "TASK_TOOL_NAME",
    "TASK_UPDATE_TOOL_NAME",
    "TEAM_MEMORY_SCOPE_NOTE",
    "TEAM_OBJECT",
    "TEMP_FILE_HEREDOC_COMMAND_EXAMPLE",
    "TODOWRITE_TOOL_NAME",
    "TOOL_BASE_DESCRIPTION",
    "TOOL_DESCRIPTION_TASK_LIST_VAR_0",
    "TOOL_DESCRIPTION_TASK_LIST_VAR_1",
    "TOOL_DESCRIPTION_TASK_LIST_VAR_2",
    "TOOL_PARAMETERS_DESCRIPTION",
    "TRANSCRIPTS_DIR",
    "TRANSCRIPT_SOURCE_NOTE",
    "TRUNCATED_CONTENT",
    "USAGE_PATTERNS_TO_ADOPT",
    "USER_INPUT",
    "USER_INSTRUCTIONS",
    "USER_PROMPT",
    "USER_REQUEST",
    "USER_TIMEZONE",
    "USE_EMBEDDED_TOOLS_FN",
    "VERDICT_LADDER",
    "VERDICT_LADDER_RECALL",
    "WEBFETCH_TOOL_NAME",
    "WEBSEARCH_TOOL_NAME",
    "WEB_CONTENT",
    "WHOAMI_VALUE",
    "WORKER_DIRECTIVE",
    "WORKER_PROMPT",
    "WORKER_TOOLS_INTRO_TEXT",
    "WORKFLOW_AGENT_ISOLATION_NOTE",
    "WORKFLOW_AGENT_ISOLATION_OPTION",
    "WORKFLOW_CONDITIONAL_TOOL_NOTE",
    "WORKFLOW_DESCRIPTION",
    "WORKFLOW_GROUP_PREFIX",
    "WORKFLOW_NAME",
    "WORKFLOW_PHASES",
    "WORKFLOW_SCRIPT_PATH_NOTE",
    "WORKFLOW_TOOL_NAME",
    "WORKFLOW_WHEN_TO_USE",
    "WORKTREE_ISOLATION_INSTRUCTIONS",
    "WORKTREE_ROOT",
    "WRITE_TOOL",
    "WRITE_TOOL_NAME",
  ],
  "promptCount": 389,
  "uniqueIdCount": 383,
  "unmappedIdentifierPrompts": [
    "skill-code-review-phase-2-verify-3-state",
    "skill-code-review-phase-2-verify-recall-biased",
    "skill-code-review-phase-3-sweep",
  ],
  "version": "2.1.169",
}
`;
